[
  {
    "keep": true,
    "type": "^\\Qcom.example.KeepClinitExample\\E$",
    "member": "^\\Q$clinit\\E$"
  }
]
