[
  {
    "type": "^\\Qcom.example.OmitPatternExample\\E$",
    "member": "^_name$",
    "property": "arez.enable_names",
    "operator": "NEQ",
    "value": "true"
  },
  {
    "type": "^\\Qcom.example.OmitPatternExample\\E$",
    "member": "^_name$",
    "property": "arez.environment",
    "operator": "EQ",
    "value": "production"
  },
  {
    "type": "^\\Qcom.example.OmitPatternExample\\E$",
    "member": "^_name$",
    "property": "arez.enable_verify",
    "operator": "NEQ",
    "value": "true"
  }
]
