[
  {
    "type": "^\\Qcom.example.OmitFieldExample\\E$",
    "member": "^\\Q_name\\E$"
  }
]
