[
  {
    "type": "^\\Qcom.example.OmitOnNestedClassExample.Foo\\E$",
    "property": "arez.environment",
    "operator": "NEQ",
    "value": "production"
  }
]
