[
  {
    "type": "^\\Qcom.example.OmitClinitExample\\E$",
    "member": "^\\Q$clinit\\E$"
  }
]
