[
  {
    "type": "^\\Qcom.example.OmitMethodExample\\E$",
    "member": "^\\QgetName\\E$"
  }
]
