[
  {
    "type": "^\\Qcom.example.OmitConstructorExample\\E$",
    "member": "^\\Q<init>\\E$"
  }
]
