[
  {
    "type": "^com\\.example\\..*$",
    "member": "^_name$",
    "property": "arez.enable_names",
    "operator": "NEQ",
    "value": "true"
  },
  {
    "type": "^com\\.example\\..*$",
    "member": "^_name$",
    "property": "arez.environment",
    "operator": "EQ",
    "value": "production"
  },
  {
    "type": "^com\\.example\\..*$",
    "member": "^_context$",
    "property": "arez.enable_zones",
    "operator": "NEQ",
    "value": "true"
  },
  {
    "type": ".*\\.Arez_.*",
    "member": "^toString$",
    "property": "arez.enable_names",
    "operator": "NEQ",
    "value": "true"
  },
  {
    "keep": true,
    "type": "^arez\\.ArezContextHolder$",
    "member": "^\\$clinit$",
    "property": "arez.enable_zones",
    "operator": "NEQ",
    "value": "true"
  },
  {
    "keep": true,
    "type": "^arez\\.ArezZoneHolder$",
    "member": "^\\$clinit$",
    "property": "arez.enable_zones",
    "operator": "EQ",
    "value": "true"
  }
]
